2026-04-28 17:11:50 0 [Note] Using unique option prefix 'key_buffer' is error-prone and can break in the future. Please use the full name 'key_buffer_size' instead.
2026-04-28 17:11:50 0 [Note] Starting MariaDB 10.4.32-MariaDB source revision c4143f909528e3fab0677a28631d10389354c491 as process 14676
2026-04-28 17:11:50 0 [Note] InnoDB: Mutexes and rw_locks use Windows interlocked functions
2026-04-28 17:11:50 0 [Note] InnoDB: Uses event mutexes
2026-04-28 17:11:50 0 [Note] InnoDB: Compressed tables use zlib 1.3
2026-04-28 17:11:50 0 [Note] InnoDB: Number of pools: 1
2026-04-28 17:11:50 0 [Note] InnoDB: Using SSE2 crc32 instructions
2026-04-28 17:11:50 0 [Note] InnoDB: Initializing buffer pool, total size = 16M, instances = 1, chunk size = 16M
2026-04-28 17:11:50 0 [Note] InnoDB: Completed initialization of buffer pool
2026-04-28 17:11:51 0 [Note] InnoDB: 128 out of 128 rollback segments are active.
2026-04-28 17:11:51 0 [Note] InnoDB: Removed temporary tablespace data file: "ibtmp1"
2026-04-28 17:11:51 0 [Note] InnoDB: Creating shared tablespace for temporary tables
2026-04-28 17:11:51 0 [Note] InnoDB: Setting file 'D:\XAMP\mysql\data\ibtmp1' size to 12 MB. Physically writing the file full; Please wait ...
2026-04-28 17:11:51 0 [Note] InnoDB: File 'D:\XAMP\mysql\data\ibtmp1' size is now 12 MB.
2026-04-28 17:11:51 0 [Note] InnoDB: Waiting for purge to start
2026-04-28 17:11:51 0 [Note] InnoDB: 10.4.32 started; log sequence number 85892623; transaction id 80796
2026-04-28 17:11:51 0 [Note] InnoDB: Loading buffer pool(s) from D:\XAMP\mysql\data\ib_buffer_pool
2026-04-28 17:11:51 0 [Note] Plugin 'FEEDBACK' is disabled.
2026-04-28 17:11:51 0 [Note] Server socket created on IP: '127.0.0.1'.
2026-04-28 17:11:51 0 [Note] InnoDB: Buffer pool(s) load completed at 260428 17:11:51
2026-04-28 17:11:51 0 [ERROR] mysqld.exe: Table '.\mysql\columns_priv' is marked as crashed and last (automatic?) repair failed
2026-04-28 17:11:51 0 [Note] Reading of all Master_info entries succeeded
2026-04-28 17:11:51 0 [Note] Added new Master_info '' to hash table
2026-04-28 17:11:51 0 [Note] d:\xamp\mysql\bin\mysqld.exe: ready for connections.
Version: '10.4.32-MariaDB'  socket: ''  port: 3306  mariadb.org binary distribution
2026-04-28 17:12:37 8 [Warning] Access denied for user ''@'localhost' (using password: NO)
2026-04-28 17:12:37 9 [Warning] Access denied for user ''@'localhost' (using password: NO)
260428 17:16:08 [ERROR] mysqld got exception 0xc0000005 ;
Sorry, we probably made a mistake, and this is a bug.

Your assistance in bug reporting will enable us to fix this for the next release.
To report this bug, see https://mariadb.com/kb/en/reporting-bugs

We will try our best to scrape up some info that will hopefully help
diagnose the problem, but since we have already crashed, 
something is definitely wrong and this may fail.

Server version: 10.4.32-MariaDB source revision: c4143f909528e3fab0677a28631d10389354c491
key_buffer_size=16777216
read_buffer_size=262144
max_used_connections=2
max_threads=65537
thread_count=7
It is possible that mysqld could use up to 
key_buffer_size + (read_buffer_size + sort_buffer_size)*max_threads = 20304 K  bytes of memory
Hope that's ok; if not, decrease some variables in the equation.

Thread pointer: 0x2c97d7d42b8
Attempting backtrace. You can use the following information to find out
where mysqld died. If you see no messages after this, something went
terribly wrong...

mysqld.exe!my_hash_first()
mysqld.exe!?name@User_table_tabular@@UEBAAEAUst_mysql_const_lex_string@@XZ()
mysqld.exe!?store_pk@ACL_PROXY_USER@@SAHPEAUTABLE@@PEBUst_mysql_const_lex_string@@111@Z()
mysqld.exe!?get_column_grant@@YAKPEAVTHD@@PEAUst_grant_info@@PEBD22@Z()
mysqld.exe!?fill_schema_schemata@@YAHPEAVTHD@@PEAUTABLE_LIST@@PEAVItem@@@Z()
mysqld.exe!?db_name_is_in_ignore_db_dirs_list@@YA_NPEBD@Z()
mysqld.exe!?get_all_tables@@YAHPEAVTHD@@PEAUTABLE_LIST@@PEAVItem@@@Z()
mysqld.exe!?get_schema_tables_result@@YA_NPEAVJOIN@@W4enum_schema_table_state@@@Z()
mysqld.exe!?exec_inner@JOIN@@QEAAXXZ()
mysqld.exe!?exec@JOIN@@QEAAXXZ()
mysqld.exe!?mysql_select@@YA_NPEAVTHD@@PEAUTABLE_LIST@@IAEAV?$List@VItem@@@@PEAVItem@@IPEAUst_order@@434_KPEAVselect_result@@PEAVst_select_lex_unit@@PEAVst_select_lex@@@Z()
mysqld.exe!?handle_select@@YA_NPEAVTHD@@PEAULEX@@PEAVselect_result@@K@Z()
mysqld.exe!?execute_init_command@@YAXPEAVTHD@@PEAUst_mysql_lex_string@@PEAUst_mysql_rwlock@@@Z()
mysqld.exe!?mysql_execute_command@@YAHPEAVTHD@@@Z()
mysqld.exe!?mysql_parse@@YAXPEAVTHD@@PEADIPEAVParser_state@@_N3@Z()
mysqld.exe!?dispatch_command@@YA_NW4enum_server_command@@PEAVTHD@@PEADI_N3@Z()
mysqld.exe!?do_command@@YA_NPEAVTHD@@@Z()
mysqld.exe!?pool_of_threads_scheduler@@YAXPEAUscheduler_functions@@PEAKPEAI@Z()
mysqld.exe!?tp_callback@@YAXPEAUTP_connection@@@Z()
ntdll.dll!RtlSetThreadSubProcessTag()
ntdll.dll!RtlSetThreadSubProcessTag()
KERNEL32.DLL!BaseThreadInitThunk()
ntdll.dll!RtlUserThreadStart()

Trying to get some variables.
Some pointers may be invalid and cause the dump to abort.
Query (0x2c97d804c20): SHOW COLUMNS FROM users
Connection ID (thread ID): 13
Status: NOT_KILLED

Optimizer switch: index_merge=on,index_merge_union=on,index_merge_sort_union=on,index_merge_intersection=on,index_merge_sort_intersection=off,engine_condition_pushdown=off,index_condition_pushdown=on,derived_merge=on,derived_with_keys=on,firstmatch=on,loosescan=on,materialization=on,in_to_exists=on,semijoin=on,partial_match_rowid_merge=on,partial_match_table_scan=on,subquery_cache=on,mrr=off,mrr_cost_based=off,mrr_sort_keys=off,outer_join_with_cache=on,semijoin_with_cache=on,join_cache_incremental=on,join_cache_hashed=on,join_cache_bka=on,optimize_join_buffer_size=on,table_elimination=on,extended_keys=on,exists_to_in=on,orderby_uses_equalities=on,condition_pushdown_for_derived=on,split_materialized=on,condition_pushdown_for_subquery=on,rowid_filter=on,condition_pushdown_from_having=on

The manual page at https://mariadb.com/kb/en/how-to-produce-a-full-stack-trace-for-mariadbd/ contains
information that should help you find out what is causing the crash.
Writing a core file at D:\XAMP\mysql\data
Minidump written to D:\XAMP\mysql\data\mysqld.dmp
