2026-04-28 17:06:56 0 [Note] Using unique option prefix 'key_buffer' is error-prone and can break in the future. Please use the full name 'key_buffer_size' instead.
2026-04-28 17:06:56 0 [Note] Starting MariaDB 10.4.32-MariaDB source revision c4143f909528e3fab0677a28631d10389354c491 as process 12940
2026-04-28 17:06:56 0 [Note] InnoDB: Mutexes and rw_locks use Windows interlocked functions
2026-04-28 17:06:56 0 [Note] InnoDB: Uses event mutexes
2026-04-28 17:06:56 0 [Note] InnoDB: Compressed tables use zlib 1.3
2026-04-28 17:06:56 0 [Note] InnoDB: Number of pools: 1
2026-04-28 17:06:56 0 [Note] InnoDB: Using SSE2 crc32 instructions
2026-04-28 17:06:56 0 [Note] InnoDB: Initializing buffer pool, total size = 16M, instances = 1, chunk size = 16M
2026-04-28 17:06:56 0 [Note] InnoDB: Completed initialization of buffer pool
2026-04-28 17:06:56 0 [Note] InnoDB: 128 out of 128 rollback segments are active.
2026-04-28 17:06:56 0 [Note] InnoDB: Creating shared tablespace for temporary tables
2026-04-28 17:06:56 0 [Note] InnoDB: Setting file 'D:\XAMP\mysql\data\ibtmp1' size to 12 MB. Physically writing the file full; Please wait ...
2026-04-28 17:06:56 0 [Note] InnoDB: File 'D:\XAMP\mysql\data\ibtmp1' size is now 12 MB.
2026-04-28 17:06:56 0 [Note] InnoDB: Waiting for purge to start
2026-04-28 17:06:56 0 [Note] InnoDB: 10.4.32 started; log sequence number 85892598; transaction id 80796
2026-04-28 17:06:56 0 [Note] InnoDB: Loading buffer pool(s) from D:\XAMP\mysql\data\ib_buffer_pool
2026-04-28 17:06:56 0 [Note] Plugin 'FEEDBACK' is disabled.
2026-04-28 17:06:56 0 [Note] Server socket created on IP: '127.0.0.1'.
2026-04-28 17:06:56 0 [ERROR] mysqld.exe: Table '.\mysql\proxies_priv' is marked as crashed and last (automatic?) repair failed
2026-04-28 17:06:56 0 [ERROR] Fatal error: Can't open and lock privilege tables: Table '.\mysql\proxies_priv' is marked as crashed and last (automatic?) repair failed
2026-04-28 17:06:56 0 [ERROR] Aborting
